// Jest Snapshot v1, https://goo.gl/fbAQLP

exports[`Header renders without crashing 1`] = `
<header>
  <h1>
    Reactive Beers 🍺🍺🍺
  </h1>
</header>
`;
